[up2client.com/envato/firecall/preview_page_2.0.html]
[backblue.gif]
[fade.gif]
[index.html]
[up2client.com/envato/firecall/assets/images/favicon-img.png]
[up2client.com/envato/firecall/assets/css/bootstrap.min.css]
[up2client.com/envato/firecall/assets/css/all.min.css]
[up2client.com/envato/firecall/assets/css/style.css]
[up2client.com/envato/firecall/assets/css/media-query.css]
[up2client.com/envato/firecall/assets/images/site-logo.png]
[up2client.com/envato/firecall/assets/images/circle-shape.png]
[up2client.com/envato/firecall/assets/images/dot-shape.png]
[up2client.com/envato/firecall/assets/images/cross-shape.png]
[up2client.com/envato/firecall/assets/images/agent-1.png]
[up2client.com/envato/firecall/assets/images/agent-2.png]
[up2client.com/envato/firecall/assets/images/white-bg-logo.png]
[up2client.com/envato/firecall/assets/js/bootstrap.bundle.min.js]
[up2client.com/envato/firecall/assets/js/jquery-min-3.6.0.js]
[up2client.com/envato/firecall/assets/js/custom.js]
[up2client.com/envato/firecall/preview_page_2.0.html]
[up2client.com/envato/firecall/assets/css/bootstrap.min.css]
[up2client.com/envato/firecall/assets/css/all.min.css]
[up2client.com/envato/firecall/assets/images/back-image.png]
[up2client.com/envato/firecall/assets/css/style.css]
[up2client.com/envato/firecall/assets/css/media-query.css]
[up2client.com/envato/firecall/assets/webfonts/fa-brands-400.html]
[up2client.com/envato/firecall/assets/webfonts/fa-brands-401.html]
[up2client.com/envato/firecall/assets/webfonts/fa-regular-400.html]
[up2client.com/envato/firecall/assets/webfonts/fa-regular-401.html]
[up2client.com/envato/firecall/assets/webfonts/fa-solid-900.html]
[up2client.com/envato/firecall/assets/webfonts/fa-solid-901.html]
[up2client.com/envato/firecall/assets/webfonts/fa-v4compatibility.html]
[up2client.com/envato/firecall/assets/webfonts/fa-v4compatibility-2.html]
[up2client.com/envato/firecall/assets/svg/down-arrow.svg]
